// Jest Snapshot v1, https://goo.gl/fbAQLP

exports[`FormCrearProducto test should match snapshot 1`] = `
<div>
  <form>
    <h2>
      Form test
    </h2>
    <input
      class="sc-AxirZ eAukyj"
      name="cantidad_jugos"
      placeholder="Cantidad de jugos"
      value=""
    />
    <button
      class="sc-AxjAm kgxTKy"
      type="submit"
    >
      Crear reserva
    </button>
  </form>
</div>
`;
